Width 430 public interaction passed
Width 430 cage passed
Width 430 adventure passed
Width 430 guest passed
Width 430 native entry passed
Width 390 public interaction passed
Width 390 cage passed
Width 390 adventure passed
Width 390 guest passed
Width 390 native entry passed
Width 375 public interaction passed
Width 375 cage passed
Width 375 adventure passed
Width 375 guest passed
Width 375 native entry passed
Width 320 public interaction passed
Width 320 cage passed
Width 320 adventure passed
Width 320 guest passed
Width 320 native entry passed
PASS: real mobile Chromium, all four widths, care, talk, stage previews, gesture sound, deterministic QBEAST and navigation continuity
