[
  {
    "engine": "chromium",
    "width": 1440,
    "reducedMotion": false,
    "passed": true,
    "audioAfterInteractions": {
      "contexts": 1,
      "voices": 46,
      "resumes": 0
    },
    "audioAfterMutedReload": {
      "contexts": 1,
      "voices": 0,
      "resumes": 0
    }
  },
  {
    "engine": "chromium",
    "width": 390,
    "reducedMotion": false,
    "passed": true,
    "audioAfterInteractions": {
      "contexts": 1,
      "voices": 46,
      "resumes": 0
    },
    "audioAfterMutedReload": {
      "contexts": 1,
      "voices": 0,
      "resumes": 0
    }
  },
  {
    "engine": "chromium",
    "width": 430,
    "reducedMotion": false,
    "passed": true,
    "audioAfterInteractions": {
      "contexts": 1,
      "voices": 46,
      "resumes": 0
    },
    "audioAfterMutedReload": {
      "contexts": 1,
      "voices": 0,
      "resumes": 0
    }
  },
  {
    "engine": "chromium",
    "width": 390,
    "reducedMotion": true,
    "passed": true,
    "audioAfterInteractions": {
      "contexts": 1,
      "voices": 46,
      "resumes": 0
    },
    "audioAfterMutedReload": {
      "contexts": 1,
      "voices": 0,
      "resumes": 0
    }
  }
]
